// Jest Snapshot v1, https://goo.gl/fbAQLP

exports[`<InfoPost/> should match the snapshot 1`] = `"<div class=\\"post info-post\\"><p><h1>test</h1></p></div>"`;
