// Jest Snapshot v1, https://goo.gl/fbAQLP

exports[`<PostsList/> should match the snapshot without props 1`] = `""`;
