// Jest Snapshot v1, https://goo.gl/fbAQLP

exports[`<PostSocial/> should match the snapshot without props 1`] = `null`;
